C:\NXP\MCUXpressoIDE_11.9.0_2144\Pham_Thanh_Phong_MCU_Mock\CMSIS/core_cm0plus.h:741:22:__NVIC_EnableIRQ	16	static
C:\NXP\MCUXpressoIDE_11.9.0_2144\Pham_Thanh_Phong_MCU_Mock\CMSIS/core_cm0plus.h:779:22:__NVIC_DisableIRQ	16	static
C:\NXP\MCUXpressoIDE_11.9.0_2144\Pham_Thanh_Phong_MCU_Mock\drivers/dri_port.h:175:20:DRI_PORT_Pin_Init	24	static
C:\NXP\MCUXpressoIDE_11.9.0_2144\Pham_Thanh_Phong_MCU_Mock\drivers/dri_clock.h:109:20:DRI_CLOCK_EnableClock	16	static
C:\NXP\MCUXpressoIDE_11.9.0_2144\Pham_Thanh_Phong_MCU_Mock\drivers/dri_clock.h:121:20:DRI_CLOCK_DisableClock	16	static
C:\NXP\MCUXpressoIDE_11.9.0_2144\Pham_Thanh_Phong_MCU_Mock\drivers/lpuart.h:170:20:LPUART_EnableInterrupts	16	static
../hal/hal.c:33:6:LPUART0_IRQHandler	8	static
../hal/hal.c:43:6:HAL_Init	56	static
../hal/hal.c:105:6:HAL_DeInit	8	static
../hal/hal.c:116:6:HAL_SetBaudrate	16	static
../hal/hal.c:125:6:HAL_TransmitData	16	static
../hal/hal.c:134:9:HAL_getFuncAddress	24	static
../hal/hal.c:154:9:HAL_eraseFlash	16	static
../hal/hal.c:163:9:HAL_switchIsPressed	8	static
../hal/hal.c:172:9:HAL_pushDataFailed	8	static
../hal/hal.c:181:6:HAL_jumpApplication	32	static
../hal/hal.c:201:6:HAL_backupApplication	32	static
../hal/hal.c:218:6:HAL_restoreApplication	32	static
