../middle/middle.c:32:6:MID_Init	8	static
../middle/middle.c:45:6:MID_DeInit	8	static
../middle/middle.c:57:8:MID_PushData	16	static
../middle/middle.c:68:9:MID_QueueIsEmpty	8	static
../middle/middle.c:79:6:MID_deQueue	8	static
../middle/middle.c:90:7:MID_peekQueue	8	static
../middle/middle.c:101:15:MID_Parse_Record	32	static
../middle/middle.c:152:6:MID_Write_dataRecord	40	static
../middle/middle.c:204:6:MID_SetDataTransferRate	16	static
../middle/middle.c:215:9:MID_InitUserApplicationSpace	16	static
../middle/middle.c:226:6:MID_TransmitData	16	static
../middle/middle.c:237:9:MID_switchIsPressed	8	static
../middle/middle.c:248:9:MID_isQueueOverLoad	8	static
../middle/middle.c:257:6:MID_jumpApplication	16	static
../middle/middle.c:263:6:MID_backupApplication	24	static
../middle/middle.c:272:6:MID_restoreApplication	24	static
../middle/middle.c:281:17:calculateAddress	32	static
../middle/middle.c:324:13:tempBuff	16	static
